admin_design/app/(public)/layout.tsx(1,20): error TS2307: Cannot find module '@/components/header' or its corresponding type declarations.
admin_design/app/(public)/layout.tsx(2,20): error TS2307: Cannot find module '@/components/footer' or its corresponding type declarations.
admin_design/app/(public)/layout.tsx(3,27): error TS2307: Cannot find module '@/components/whatsapp-float' or its corresponding type declarations.
admin_design/app/(public)/page.tsx(1,25): error TS2307: Cannot find module '@/components/hero-section' or its corresponding type declarations.
admin_design/app/(public)/page.tsx(2,29): error TS2307: Cannot find module '@/components/services-section' or its corresponding type declarations.
admin_design/app/(public)/page.tsx(3,25): error TS2307: Cannot find module '@/components/why-choose-us' or its corresponding type declarations.
admin_design/app/(public)/page.tsx(4,26): error TS2307: Cannot find module '@/components/projects-grid' or its corresponding type declarations.
admin_design/app/(public)/page.tsx(5,33): error TS2307: Cannot find module '@/components/testimonials-section' or its corresponding type declarations.
admin_design/app/(public)/page.tsx(6,28): error TS2307: Cannot find module '@/components/contact-section' or its corresponding type declarations.
admin_design/app/(public)/projects/page.tsx(1,26): error TS2307: Cannot find module '@/components/projects-grid' or its corresponding type declarations.
admin_design/app/admin/settings/page.tsx(7,8): error TS2613: Module '"L:/android/test/backend-next/faces-consent-app-next/components/admin/image-upload"' has no default export. Did you mean to use 'import { ImageUpload } from "L:/android/test/backend-next/faces-consent-app-next/components/admin/image-upload"' instead?
admin_design/app/admin/settings/page.tsx(93,44): error TS7006: Parameter 'url' implicitly has an 'any' type.
admin_design/app/admin/testimonials/page.tsx(7,8): error TS2613: Module '"L:/android/test/backend-next/faces-consent-app-next/components/admin/image-upload"' has no default export. Did you mean to use 'import { ImageUpload } from "L:/android/test/backend-next/faces-consent-app-next/components/admin/image-upload"' instead?
admin_design/app/admin/testimonials/page.tsx(236,33): error TS7006: Parameter 'url' implicitly has an 'any' type.
admin_design/app/admin/testimonials/page.tsx(254,79): error TS2304: Cannot find name 'Save'.
admin_design/components/hero-section.tsx(55,55): error TS2322: Type '{ hidden: { opacity: number; y: number; }; visible: { opacity: number; y: number; transition: { duration: number; ease: string; }; }; }' is not assignable to type 'Variants'.
  Property 'visible' is incompatible with index signature.
    Type '{ opacity: number; y: number; transition: { duration: number; ease: string; }; }' is not assignable to type 'Variant'.
      Type '{ opacity: number; y: number; transition: { duration: number; ease: string; }; }' is not assignable to type 'TargetAndTransition'.
        Type '{ opacity: number; y: number; transition: { duration: number; ease: string; }; }' is not assignable to type '{ transition?: Transition<any> | undefined; transitionEnd?: ResolvedValues | undefined; }'.
          Types of property 'transition' are incompatible.
            Type '{ duration: number; ease: string; }' is not assignable to type 'Transition<any> | undefined'.
              Type '{ duration: number; ease: string; }' is not assignable to type 'TransitionWithValueOverrides<any>'.
                Type '{ duration: number; ease: string; }' is not assignable to type 'ValueAnimationTransition<any>'.
                  Types of property 'ease' are incompatible.
                    Type 'string' is not assignable to type 'Easing | Easing[] | undefined'.
admin_design/components/hero-section.tsx(57,15): error TS2322: Type '{ hidden: { opacity: number; y: number; }; visible: { opacity: number; y: number; transition: { duration: number; ease: string; }; }; }' is not assignable to type 'Variants'.
  Property 'visible' is incompatible with index signature.
    Type '{ opacity: number; y: number; transition: { duration: number; ease: string; }; }' is not assignable to type 'Variant'.
      Type '{ opacity: number; y: number; transition: { duration: number; ease: string; }; }' is not assignable to type 'TargetAndTransition'.
        Type '{ opacity: number; y: number; transition: { duration: number; ease: string; }; }' is not assignable to type '{ transition?: Transition<any> | undefined; transitionEnd?: ResolvedValues | undefined; }'.
          Types of property 'transition' are incompatible.
            Type '{ duration: number; ease: string; }' is not assignable to type 'Transition<any> | undefined'.
              Type '{ duration: number; ease: string; }' is not assignable to type 'TransitionWithValueOverrides<any>'.
                Type '{ duration: number; ease: string; }' is not assignable to type 'ValueAnimationTransition<any>'.
                  Types of property 'ease' are incompatible.
                    Type 'string' is not assignable to type 'Easing | Easing[] | undefined'.
admin_design/components/hero-section.tsx(69,23): error TS2322: Type '{ hidden: { opacity: number; y: number; }; visible: { opacity: number; y: number; transition: { duration: number; ease: string; }; }; }' is not assignable to type 'Variants'.
  Property 'visible' is incompatible with index signature.
    Type '{ opacity: number; y: number; transition: { duration: number; ease: string; }; }' is not assignable to type 'Variant'.
      Type '{ opacity: number; y: number; transition: { duration: number; ease: string; }; }' is not assignable to type 'TargetAndTransition'.
        Type '{ opacity: number; y: number; transition: { duration: number; ease: string; }; }' is not assignable to type '{ transition?: Transition<any> | undefined; transitionEnd?: ResolvedValues | undefined; }'.
          Types of property 'transition' are incompatible.
            Type '{ duration: number; ease: string; }' is not assignable to type 'Transition<any> | undefined'.
              Type '{ duration: number; ease: string; }' is not assignable to type 'TransitionWithValueOverrides<any>'.
                Type '{ duration: number; ease: string; }' is not assignable to type 'ValueAnimationTransition<any>'.
                  Types of property 'ease' are incompatible.
                    Type 'string' is not assignable to type 'Easing | Easing[] | undefined'.
admin_design/components/hero-section.tsx(74,3): error TS2322: Type '{ hidden: { opacity: number; y: number; }; visible: { opacity: number; y: number; transition: { duration: number; ease: string; }; }; }' is not assignable to type 'Variants'.
  Property 'visible' is incompatible with index signature.
    Type '{ opacity: number; y: number; transition: { duration: number; ease: string; }; }' is not assignable to type 'Variant'.
      Type '{ opacity: number; y: number; transition: { duration: number; ease: string; }; }' is not assignable to type 'TargetAndTransition'.
        Type '{ opacity: number; y: number; transition: { duration: number; ease: string; }; }' is not assignable to type '{ transition?: Transition<any> | undefined; transitionEnd?: ResolvedValues | undefined; }'.
          Types of property 'transition' are incompatible.
            Type '{ duration: number; ease: string; }' is not assignable to type 'Transition<any> | undefined'.
              Type '{ duration: number; ease: string; }' is not assignable to type 'TransitionWithValueOverrides<any>'.
                Type '{ duration: number; ease: string; }' is not assignable to type 'ValueAnimationTransition<any>'.
                  Types of property 'ease' are incompatible.
                    Type 'string' is not assignable to type 'Easing | Easing[] | undefined'.
admin_design/components/hero-section.tsx(109,23): error TS2322: Type '{ hidden: { opacity: number; y: number; }; visible: { opacity: number; y: number; transition: { duration: number; ease: string; }; }; }' is not assignable to type 'Variants'.
  Property 'visible' is incompatible with index signature.
    Type '{ opacity: number; y: number; transition: { duration: number; ease: string; }; }' is not assignable to type 'Variant'.
      Type '{ opacity: number; y: number; transition: { duration: number; ease: string; }; }' is not assignable to type 'TargetAndTransition'.
        Type '{ opacity: number; y: number; transition: { duration: number; ease: string; }; }' is not assignable to type '{ transition?: Transition<any> | undefined; transitionEnd?: ResolvedValues | undefined; }'.
          Types of property 'transition' are incompatible.
            Type '{ duration: number; ease: string; }' is not assignable to type 'Transition<any> | undefined'.
              Type '{ duration: number; ease: string; }' is not assignable to type 'TransitionWithValueOverrides<any>'.
                Type '{ duration: number; ease: string; }' is not assignable to type 'ValueAnimationTransition<any>'.
                  Types of property 'ease' are incompatible.
                    Type 'string' is not assignable to type 'Easing | Easing[] | undefined'.
admin_design/components/services-section.tsx(54,44): error TS2322: Type '{ hidden: { opacity: number; y: number; }; visible: { opacity: number; y: number; transition: { duration: number; ease: string; }; }; }' is not assignable to type 'Variants'.
  Property 'visible' is incompatible with index signature.
    Type '{ opacity: number; y: number; transition: { duration: number; ease: string; }; }' is not assignable to type 'Variant'.
      Type '{ opacity: number; y: number; transition: { duration: number; ease: string; }; }' is not assignable to type 'TargetAndTransition'.
        Type '{ opacity: number; y: number; transition: { duration: number; ease: string; }; }' is not assignable to type '{ transition?: Transition<any> | undefined; transitionEnd?: ResolvedValues | undefined; }'.
          Types of property 'transition' are incompatible.
            Type '{ duration: number; ease: string; }' is not assignable to type 'Transition<any> | undefined'.
              Type '{ duration: number; ease: string; }' is not assignable to type 'TransitionWithValueOverrides<any>'.
                Type '{ duration: number; ease: string; }' is not assignable to type 'ValueAnimationTransition<any>'.
                  Types of property 'ease' are incompatible.
                    Type 'string' is not assignable to type 'Easing | Easing[] | undefined'.
admin_design/components/ui/chart.tsx(109,3): error TS2339: Property 'payload' does not exist on type 'Omit<Props<ValueType, NameType>, PropertiesReadFromContext> & { active?: boolean | undefined; allowEscapeViewBox?: AllowInDimension | undefined; ... 17 more ...; wrapperStyle?: CSSProperties | undefined; } & ClassAttributes<...> & HTMLAttributes<...> & { ...; }'.
admin_design/components/ui/chart.tsx(114,3): error TS2339: Property 'label' does not exist on type 'Omit<Props<ValueType, NameType>, PropertiesReadFromContext> & { active?: boolean | undefined; allowEscapeViewBox?: AllowInDimension | undefined; ... 17 more ...; wrapperStyle?: CSSProperties | undefined; } & ClassAttributes<...> & HTMLAttributes<...> & { ...; }'.
admin_design/components/ui/chart.tsx(182,23): error TS7006: Parameter 'item' implicitly has an 'any' type.
admin_design/components/ui/chart.tsx(182,29): error TS7006: Parameter 'index' implicitly has an 'any' type.
admin_design/components/ui/chart.tsx(260,39): error TS2344: Type '"verticalAlign" | "payload"' does not satisfy the constraint '"string" | "path" | "name" | "id" | "filter" | "fill" | "values" | "type" | "role" | "d" | "k" | "r" | "x" | "y" | "z" | "order" | "children" | "min" | "max" | "style" | "clipPath" | ... 425 more ... | "onBBoxUpdate"'.
  Type '"payload"' is not assignable to type '"string" | "path" | "name" | "id" | "filter" | "fill" | "values" | "type" | "role" | "d" | "k" | "r" | "x" | "y" | "z" | "order" | "children" | "min" | "max" | "style" | "clipPath" | ... 425 more ... | "onBBoxUpdate"'.
admin_design/components/ui/chart.tsx(266,17): error TS2339: Property 'length' does not exist on type '{}'.
admin_design/components/ui/chart.tsx(278,16): error TS2339: Property 'map' does not exist on type '{}'.
admin_design/components/ui/chart.tsx(278,21): error TS7006: Parameter 'item' implicitly has an 'any' type.
admin_design/components/ui/resizable.tsx(12,51): error TS2339: Property 'PanelGroup' does not exist on type 'typeof import("L:/android/test/backend-next/faces-consent-app-next/node_modules/.pnpm/react-resizable-panels@4.0._1701e5fd82256dcb75040c93e87e0ce1/node_modules/react-resizable-panels/dist/react-resizable-panels")'.
admin_design/components/ui/resizable.tsx(14,25): error TS2339: Property 'PanelGroup' does not exist on type 'typeof import("L:/android/test/backend-next/faces-consent-app-next/node_modules/.pnpm/react-resizable-panels@4.0._1701e5fd82256dcb75040c93e87e0ce1/node_modules/react-resizable-panels/dist/react-resizable-panels")'.
admin_design/components/ui/resizable.tsx(35,51): error TS2339: Property 'PanelResizeHandle' does not exist on type 'typeof import("L:/android/test/backend-next/faces-consent-app-next/node_modules/.pnpm/react-resizable-panels@4.0._1701e5fd82256dcb75040c93e87e0ce1/node_modules/react-resizable-panels/dist/react-resizable-panels")'.
admin_design/components/ui/resizable.tsx(39,25): error TS2339: Property 'PanelResizeHandle' does not exist on type 'typeof import("L:/android/test/backend-next/faces-consent-app-next/node_modules/.pnpm/react-resizable-panels@4.0._1701e5fd82256dcb75040c93e87e0ce1/node_modules/react-resizable-panels/dist/react-resizable-panels")'.
admin_design/components/ui/resizable.tsx(52,26): error TS2339: Property 'PanelResizeHandle' does not exist on type 'typeof import("L:/android/test/backend-next/faces-consent-app-next/node_modules/.pnpm/react-resizable-panels@4.0._1701e5fd82256dcb75040c93e87e0ce1/node_modules/react-resizable-panels/dist/react-resizable-panels")'.
admin_design/components/ui/sidebar.tsx(8,29): error TS2307: Cannot find module '@/hooks/use-mobile' or its corresponding type declarations.
admin_design/components/ui/toaster.tsx(3,26): error TS2307: Cannot find module '@/hooks/use-toast' or its corresponding type declarations.
admin_design/components/ui/toaster.tsx(18,31): error TS7031: Binding element 'id' implicitly has an 'any' type.
admin_design/components/ui/toaster.tsx(18,35): error TS7031: Binding element 'title' implicitly has an 'any' type.
admin_design/components/ui/toaster.tsx(18,42): error TS7031: Binding element 'description' implicitly has an 'any' type.
admin_design/components/ui/toaster.tsx(18,55): error TS7031: Binding element 'action' implicitly has an 'any' type.
app/dashboard/settings/page.tsx(7,8): error TS2613: Module '"L:/android/test/backend-next/faces-consent-app-next/components/admin/image-upload"' has no default export. Did you mean to use 'import { ImageUpload } from "L:/android/test/backend-next/faces-consent-app-next/components/admin/image-upload"' instead?
app/dashboard/settings/page.tsx(93,44): error TS7006: Parameter 'url' implicitly has an 'any' type.
components/admin/category-dialog.tsx(137,33): error TS2322: Type '({ value, onChange, onRemove, disabled, maxFiles }: ImageUploadProps) => Element' is not assignable to type 'ReactNode'.
components/admin/item-dialog.tsx(60,9): error TS2322: Type 'Resolver<{ title: string; description?: string | undefined; price?: unknown; image_url?: string | undefined; region_id?: string | undefined; }, any, { title: string; description?: string | undefined; price?: number | undefined; image_url?: string | undefined; region_id?: string | undefined; }>' is not assignable to type 'Resolver<{ title: string; description?: string | undefined; price?: number | undefined; image_url?: string | undefined; region_id?: string | undefined; }, any, { title: string; description?: string | undefined; price?: number | undefined; image_url?: string | undefined; region_id?: string | undefined; }>'.
  Types of parameters 'options' and 'options' are incompatible.
    Type 'ResolverOptions<{ title: string; description?: string | undefined; price?: number | undefined; image_url?: string | undefined; region_id?: string | undefined; }>' is not assignable to type 'ResolverOptions<{ title: string; description?: string | undefined; price?: unknown; image_url?: string | undefined; region_id?: string | undefined; }>'.
      Type 'unknown' is not assignable to type 'number | undefined'.
components/admin/item-dialog.tsx(117,55): error TS2345: Argument of type '(values: z.infer<typeof itemSchema>) => Promise<void>' is not assignable to parameter of type 'SubmitHandler<TFieldValues>'.
  Types of parameters 'values' and 'data' are incompatible.
    Type 'TFieldValues' is not assignable to type '{ title: string; description?: string | undefined; price?: number | undefined; image_url?: string | undefined; region_id?: string | undefined; }'.
      Property 'title' is missing in type 'FieldValues' but required in type '{ title: string; description?: string | undefined; price?: number | undefined; image_url?: string | undefined; region_id?: string | undefined; }'.
components/admin/item-dialog.tsx(119,29): error TS2322: Type 'Control<{ title: string; description?: string | undefined; price?: number | undefined; image_url?: string | undefined; region_id?: string | undefined; }, any, TFieldValues>' is not assignable to type 'Control<{ title: string; description?: string | undefined; price?: number | undefined; image_url?: string | undefined; region_id?: string | undefined; }, any, { title: string; description?: string | undefined; price?: number | undefined; image_url?: string | undefined; region_id?: string | undefined; }>'.
  The types of '_options.resolver' are incompatible between these types.
    Type 'Resolver<{ title: string; description?: string | undefined; price?: number | undefined; image_url?: string | undefined; region_id?: string | undefined; }, any, TFieldValues> | undefined' is not assignable to type 'Resolver<{ title: string; description?: string | undefined; price?: number | undefined; image_url?: string | undefined; region_id?: string | undefined; }, any, { title: string; description?: string | undefined; price?: number | undefined; image_url?: string | undefined; region_id?: string | undefined; }> | undefined'.
      Type 'Resolver<{ title: string; description?: string | undefined; price?: number | undefined; image_url?: string | undefined; region_id?: string | undefined; }, any, TFieldValues>' is not assignable to type 'Resolver<{ title: string; description?: string | undefined; price?: number | undefined; image_url?: string | undefined; region_id?: string | undefined; }, any, { title: string; description?: string | undefined; price?: number | undefined; image_url?: string | undefined; region_id?: string | undefined; }>'.
        Type 'ResolverResult<{ title: string; description?: string | undefined; price?: number | undefined; image_url?: string | undefined; region_id?: string | undefined; }, TFieldValues> | Promise<...>' is not assignable to type 'ResolverResult<{ title: string; description?: string | undefined; price?: number | undefined; image_url?: string | undefined; region_id?: string | undefined; }, { title: string; description?: string | undefined; price?: number | undefined; image_url?: string | undefined; region_id?: string | undefined; }> | Promise<...'.
          Type 'ResolverSuccess<TFieldValues>' is not assignable to type 'ResolverResult<{ title: string; description?: string | undefined; price?: number | undefined; image_url?: string | undefined; region_id?: string | undefined; }, { title: string; description?: string | undefined; price?: number | undefined; image_url?: string | undefined; region_id?: string | undefined; }> | Promise<...'.
            Type 'ResolverSuccess<TFieldValues>' is not assignable to type 'ResolverSuccess<{ title: string; description?: string | undefined; price?: number | undefined; image_url?: string | undefined; region_id?: string | undefined; }>'.
              Type 'TFieldValues' is not assignable to type '{ title: string; description?: string | undefined; price?: number | undefined; image_url?: string | undefined; region_id?: string | undefined; }'.
                Property 'title' is missing in type 'FieldValues' but required in type '{ title: string; description?: string | undefined; price?: number | undefined; image_url?: string | undefined; region_id?: string | undefined; }'.
components/admin/item-dialog.tsx(132,29): error TS2322: Type 'Control<{ title: string; description?: string | undefined; price?: number | undefined; image_url?: string | undefined; region_id?: string | undefined; }, any, TFieldValues>' is not assignable to type 'Control<{ title: string; description?: string | undefined; price?: number | undefined; image_url?: string | undefined; region_id?: string | undefined; }, any, { title: string; description?: string | undefined; price?: number | undefined; image_url?: string | undefined; region_id?: string | undefined; }>'.
  The types of '_options.resolver' are incompatible between these types.
    Type 'Resolver<{ title: string; description?: string | undefined; price?: number | undefined; image_url?: string | undefined; region_id?: string | undefined; }, any, TFieldValues> | undefined' is not assignable to type 'Resolver<{ title: string; description?: string | undefined; price?: number | undefined; image_url?: string | undefined; region_id?: string | undefined; }, any, { title: string; description?: string | undefined; price?: number | undefined; image_url?: string | undefined; region_id?: string | undefined; }> | undefined'.
      Type 'Resolver<{ title: string; description?: string | undefined; price?: number | undefined; image_url?: string | undefined; region_id?: string | undefined; }, any, TFieldValues>' is not assignable to type 'Resolver<{ title: string; description?: string | undefined; price?: number | undefined; image_url?: string | undefined; region_id?: string | undefined; }, any, { title: string; description?: string | undefined; price?: number | undefined; image_url?: string | undefined; region_id?: string | undefined; }>'.
        Type 'ResolverResult<{ title: string; description?: string | undefined; price?: number | undefined; image_url?: string | undefined; region_id?: string | undefined; }, TFieldValues> | Promise<...>' is not assignable to type 'ResolverResult<{ title: string; description?: string | undefined; price?: number | undefined; image_url?: string | undefined; region_id?: string | undefined; }, { title: string; description?: string | undefined; price?: number | undefined; image_url?: string | undefined; region_id?: string | undefined; }> | Promise<...'.
          Type 'ResolverSuccess<TFieldValues>' is not assignable to type 'ResolverResult<{ title: string; description?: string | undefined; price?: number | undefined; image_url?: string | undefined; region_id?: string | undefined; }, { title: string; description?: string | undefined; price?: number | undefined; image_url?: string | undefined; region_id?: string | undefined; }> | Promise<...'.
            Type 'ResolverSuccess<TFieldValues>' is not assignable to type 'ResolverSuccess<{ title: string; description?: string | undefined; price?: number | undefined; image_url?: string | undefined; region_id?: string | undefined; }>'.
              Type 'TFieldValues' is not assignable to type '{ title: string; description?: string | undefined; price?: number | undefined; image_url?: string | undefined; region_id?: string | undefined; }'.
                Property 'title' is missing in type 'FieldValues' but required in type '{ title: string; description?: string | undefined; price?: number | undefined; image_url?: string | undefined; region_id?: string | undefined; }'.
components/admin/item-dialog.tsx(146,33): error TS2322: Type 'Control<{ title: string; description?: string | undefined; price?: number | undefined; image_url?: string | undefined; region_id?: string | undefined; }, any, TFieldValues>' is not assignable to type 'Control<{ title: string; description?: string | undefined; price?: number | undefined; image_url?: string | undefined; region_id?: string | undefined; }, any, { title: string; description?: string | undefined; price?: number | undefined; image_url?: string | undefined; region_id?: string | undefined; }>'.
  The types of '_options.resolver' are incompatible between these types.
    Type 'Resolver<{ title: string; description?: string | undefined; price?: number | undefined; image_url?: string | undefined; region_id?: string | undefined; }, any, TFieldValues> | undefined' is not assignable to type 'Resolver<{ title: string; description?: string | undefined; price?: number | undefined; image_url?: string | undefined; region_id?: string | undefined; }, any, { title: string; description?: string | undefined; price?: number | undefined; image_url?: string | undefined; region_id?: string | undefined; }> | undefined'.
      Type 'Resolver<{ title: string; description?: string | undefined; price?: number | undefined; image_url?: string | undefined; region_id?: string | undefined; }, any, TFieldValues>' is not assignable to type 'Resolver<{ title: string; description?: string | undefined; price?: number | undefined; image_url?: string | undefined; region_id?: string | undefined; }, any, { title: string; description?: string | undefined; price?: number | undefined; image_url?: string | undefined; region_id?: string | undefined; }>'.
        Type 'ResolverResult<{ title: string; description?: string | undefined; price?: number | undefined; image_url?: string | undefined; region_id?: string | undefined; }, TFieldValues> | Promise<...>' is not assignable to type 'ResolverResult<{ title: string; description?: string | undefined; price?: number | undefined; image_url?: string | undefined; region_id?: string | undefined; }, { title: string; description?: string | undefined; price?: number | undefined; image_url?: string | undefined; region_id?: string | undefined; }> | Promise<...'.
          Type 'ResolverSuccess<TFieldValues>' is not assignable to type 'ResolverResult<{ title: string; description?: string | undefined; price?: number | undefined; image_url?: string | undefined; region_id?: string | undefined; }, { title: string; description?: string | undefined; price?: number | undefined; image_url?: string | undefined; region_id?: string | undefined; }> | Promise<...'.
            Type 'ResolverSuccess<TFieldValues>' is not assignable to type 'ResolverSuccess<{ title: string; description?: string | undefined; price?: number | undefined; image_url?: string | undefined; region_id?: string | undefined; }>'.
              Type 'TFieldValues' is not assignable to type '{ title: string; description?: string | undefined; price?: number | undefined; image_url?: string | undefined; region_id?: string | undefined; }'.
                Property 'title' is missing in type 'FieldValues' but required in type '{ title: string; description?: string | undefined; price?: number | undefined; image_url?: string | undefined; region_id?: string | undefined; }'.
components/admin/item-dialog.tsx(159,33): error TS2322: Type 'Control<{ title: string; description?: string | undefined; price?: number | undefined; image_url?: string | undefined; region_id?: string | undefined; }, any, TFieldValues>' is not assignable to type 'Control<{ title: string; description?: string | undefined; price?: number | undefined; image_url?: string | undefined; region_id?: string | undefined; }, any, { title: string; description?: string | undefined; price?: number | undefined; image_url?: string | undefined; region_id?: string | undefined; }>'.
  The types of '_options.resolver' are incompatible between these types.
    Type 'Resolver<{ title: string; description?: string | undefined; price?: number | undefined; image_url?: string | undefined; region_id?: string | undefined; }, any, TFieldValues> | undefined' is not assignable to type 'Resolver<{ title: string; description?: string | undefined; price?: number | undefined; image_url?: string | undefined; region_id?: string | undefined; }, any, { title: string; description?: string | undefined; price?: number | undefined; image_url?: string | undefined; region_id?: string | undefined; }> | undefined'.
      Type 'Resolver<{ title: string; description?: string | undefined; price?: number | undefined; image_url?: string | undefined; region_id?: string | undefined; }, any, TFieldValues>' is not assignable to type 'Resolver<{ title: string; description?: string | undefined; price?: number | undefined; image_url?: string | undefined; region_id?: string | undefined; }, any, { title: string; description?: string | undefined; price?: number | undefined; image_url?: string | undefined; region_id?: string | undefined; }>'.
        Type 'ResolverResult<{ title: string; description?: string | undefined; price?: number | undefined; image_url?: string | undefined; region_id?: string | undefined; }, TFieldValues> | Promise<...>' is not assignable to type 'ResolverResult<{ title: string; description?: string | undefined; price?: number | undefined; image_url?: string | undefined; region_id?: string | undefined; }, { title: string; description?: string | undefined; price?: number | undefined; image_url?: string | undefined; region_id?: string | undefined; }> | Promise<...'.
          Type 'ResolverSuccess<TFieldValues>' is not assignable to type 'ResolverResult<{ title: string; description?: string | undefined; price?: number | undefined; image_url?: string | undefined; region_id?: string | undefined; }, { title: string; description?: string | undefined; price?: number | undefined; image_url?: string | undefined; region_id?: string | undefined; }> | Promise<...'.
            Type 'ResolverSuccess<TFieldValues>' is not assignable to type 'ResolverSuccess<{ title: string; description?: string | undefined; price?: number | undefined; image_url?: string | undefined; region_id?: string | undefined; }>'.
              Type 'TFieldValues' is not assignable to type '{ title: string; description?: string | undefined; price?: number | undefined; image_url?: string | undefined; region_id?: string | undefined; }'.
                Property 'title' is missing in type 'FieldValues' but required in type '{ title: string; description?: string | undefined; price?: number | undefined; image_url?: string | undefined; region_id?: string | undefined; }'.
components/admin/item-dialog.tsx(182,33): error TS2322: Type '({ value, onChange, onRemove, disabled, maxFiles }: ImageUploadProps) => Element' is not assignable to type 'ReactNode'.
components/admin/item-dialog.tsx(187,29): error TS2322: Type 'Control<{ title: string; description?: string | undefined; price?: number | undefined; image_url?: string | undefined; region_id?: string | undefined; }, any, TFieldValues>' is not assignable to type 'Control<{ title: string; description?: string | undefined; price?: number | undefined; image_url?: string | undefined; region_id?: string | undefined; }, any, { title: string; description?: string | undefined; price?: number | undefined; image_url?: string | undefined; region_id?: string | undefined; }>'.
  The types of '_options.resolver' are incompatible between these types.
    Type 'Resolver<{ title: string; description?: string | undefined; price?: number | undefined; image_url?: string | undefined; region_id?: string | undefined; }, any, TFieldValues> | undefined' is not assignable to type 'Resolver<{ title: string; description?: string | undefined; price?: number | undefined; image_url?: string | undefined; region_id?: string | undefined; }, any, { title: string; description?: string | undefined; price?: number | undefined; image_url?: string | undefined; region_id?: string | undefined; }> | undefined'.
      Type 'Resolver<{ title: string; description?: string | undefined; price?: number | undefined; image_url?: string | undefined; region_id?: string | undefined; }, any, TFieldValues>' is not assignable to type 'Resolver<{ title: string; description?: string | undefined; price?: number | undefined; image_url?: string | undefined; region_id?: string | undefined; }, any, { title: string; description?: string | undefined; price?: number | undefined; image_url?: string | undefined; region_id?: string | undefined; }>'.
        Type 'ResolverResult<{ title: string; description?: string | undefined; price?: number | undefined; image_url?: string | undefined; region_id?: string | undefined; }, TFieldValues> | Promise<...>' is not assignable to type 'ResolverResult<{ title: string; description?: string | undefined; price?: number | undefined; image_url?: string | undefined; region_id?: string | undefined; }, { title: string; description?: string | undefined; price?: number | undefined; image_url?: string | undefined; region_id?: string | undefined; }> | Promise<...'.
          Type 'ResolverSuccess<TFieldValues>' is not assignable to type 'ResolverResult<{ title: string; description?: string | undefined; price?: number | undefined; image_url?: string | undefined; region_id?: string | undefined; }, { title: string; description?: string | undefined; price?: number | undefined; image_url?: string | undefined; region_id?: string | undefined; }> | Promise<...'.
            Type 'ResolverSuccess<TFieldValues>' is not assignable to type 'ResolverSuccess<{ title: string; description?: string | undefined; price?: number | undefined; image_url?: string | undefined; region_id?: string | undefined; }>'.
              Type 'TFieldValues' is not assignable to type '{ title: string; description?: string | undefined; price?: number | undefined; image_url?: string | undefined; region_id?: string | undefined; }'.
                Property 'title' is missing in type 'FieldValues' but required in type '{ title: string; description?: string | undefined; price?: number | undefined; image_url?: string | undefined; region_id?: string | undefined; }'.
components/admin/item-table.tsx(97,83): error TS2339: Property 'category_id' does not exist on type 'Item'.
components/admin/marketing-dialog.tsx(58,9): error TS2322: Type 'Resolver<{ title: string; image_url: string; type: "course" | "clinic_ad" | "product" | "insurance" | "finance"; target_audience: "user" | "all" | "clinic"; description?: string | undefined; is_featured?: boolean | undefined; }, any, { ...; }>' is not assignable to type 'Resolver<{ title: string; image_url: string; type: "course" | "clinic_ad" | "product" | "insurance" | "finance"; target_audience: "user" | "all" | "clinic"; is_featured: boolean; description?: string | undefined; }, any, { ...; }>'.
  Types of parameters 'options' and 'options' are incompatible.
    Type 'ResolverOptions<{ title: string; image_url: string; type: "course" | "clinic_ad" | "product" | "insurance" | "finance"; target_audience: "user" | "all" | "clinic"; is_featured: boolean; description?: string | undefined; }>' is not assignable to type 'ResolverOptions<{ title: string; image_url: string; type: "course" | "clinic_ad" | "product" | "insurance" | "finance"; target_audience: "user" | "all" | "clinic"; description?: string | undefined; is_featured?: boolean | undefined; }>'.
      Type 'boolean | undefined' is not assignable to type 'boolean'.
        Type 'undefined' is not assignable to type 'boolean'.
components/admin/marketing-dialog.tsx(107,55): error TS2345: Argument of type '(values: z.infer<typeof marketingSchema>) => Promise<void>' is not assignable to parameter of type 'SubmitHandler<TFieldValues>'.
  Types of parameters 'values' and 'data' are incompatible.
    Type 'TFieldValues' is not assignable to type '{ title: string; image_url: string; type: "course" | "clinic_ad" | "product" | "insurance" | "finance"; target_audience: "user" | "all" | "clinic"; is_featured: boolean; description?: string | undefined; }'.
      Type 'FieldValues' is missing the following properties from type '{ title: string; image_url: string; type: "course" | "clinic_ad" | "product" | "insurance" | "finance"; target_audience: "user" | "all" | "clinic"; is_featured: boolean; description?: string | undefined; }': title, image_url, type, target_audience, is_featured
components/admin/marketing-dialog.tsx(109,29): error TS2322: Type 'Control<{ title: string; image_url: string; type: "course" | "clinic_ad" | "product" | "insurance" | "finance"; target_audience: "user" | "all" | "clinic"; is_featured: boolean; description?: string | undefined; }, any, TFieldValues>' is not assignable to type 'Control<{ title: string; image_url: string; type: "course" | "clinic_ad" | "product" | "insurance" | "finance"; target_audience: "user" | "all" | "clinic"; is_featured: boolean; description?: string | undefined; }, any, { ...; }>'.
  The types of '_options.resolver' are incompatible between these types.
    Type 'Resolver<{ title: string; image_url: string; type: "course" | "clinic_ad" | "product" | "insurance" | "finance"; target_audience: "user" | "all" | "clinic"; is_featured: boolean; description?: string | undefined; }, any, TFieldValues> | undefined' is not assignable to type 'Resolver<{ title: string; image_url: string; type: "course" | "clinic_ad" | "product" | "insurance" | "finance"; target_audience: "user" | "all" | "clinic"; is_featured: boolean; description?: string | undefined; }, any, { ...; }> | undefined'.
      Type 'Resolver<{ title: string; image_url: string; type: "course" | "clinic_ad" | "product" | "insurance" | "finance"; target_audience: "user" | "all" | "clinic"; is_featured: boolean; description?: string | undefined; }, any, TFieldValues>' is not assignable to type 'Resolver<{ title: string; image_url: string; type: "course" | "clinic_ad" | "product" | "insurance" | "finance"; target_audience: "user" | "all" | "clinic"; is_featured: boolean; description?: string | undefined; }, any, { ...; }>'.
        Type 'ResolverResult<{ title: string; image_url: string; type: "course" | "clinic_ad" | "product" | "insurance" | "finance"; target_audience: "user" | "all" | "clinic"; is_featured: boolean; description?: string | undefined; }, TFieldValues> | Promise<...>' is not assignable to type 'ResolverResult<{ title: string; image_url: string; type: "course" | "clinic_ad" | "product" | "insurance" | "finance"; target_audience: "user" | "all" | "clinic"; is_featured: boolean; description?: string | undefined; }, { ...; }> | Promise<...>'.
          Type 'ResolverSuccess<TFieldValues>' is not assignable to type 'ResolverResult<{ title: string; image_url: string; type: "course" | "clinic_ad" | "product" | "insurance" | "finance"; target_audience: "user" | "all" | "clinic"; is_featured: boolean; description?: string | undefined; }, { ...; }> | Promise<...>'.
            Type 'ResolverSuccess<TFieldValues>' is not assignable to type 'ResolverSuccess<{ title: string; image_url: string; type: "course" | "clinic_ad" | "product" | "insurance" | "finance"; target_audience: "user" | "all" | "clinic"; is_featured: boolean; description?: string | undefined; }>'.
              Type 'TFieldValues' is not assignable to type '{ title: string; image_url: string; type: "course" | "clinic_ad" | "product" | "insurance" | "finance"; target_audience: "user" | "all" | "clinic"; is_featured: boolean; description?: string | undefined; }'.
                Type 'FieldValues' is missing the following properties from type '{ title: string; image_url: string; type: "course" | "clinic_ad" | "product" | "insurance" | "finance"; target_audience: "user" | "all" | "clinic"; is_featured: boolean; description?: string | undefined; }': title, image_url, type, target_audience, is_featured
components/admin/marketing-dialog.tsx(121,33): error TS2322: Type '({ value, onChange, onRemove, disabled, maxFiles }: ImageUploadProps) => Element' is not assignable to type 'ReactNode'.
components/admin/marketing-dialog.tsx(126,29): error TS2322: Type 'Control<{ title: string; image_url: string; type: "course" | "clinic_ad" | "product" | "insurance" | "finance"; target_audience: "user" | "all" | "clinic"; is_featured: boolean; description?: string | undefined; }, any, TFieldValues>' is not assignable to type 'Control<{ title: string; image_url: string; type: "course" | "clinic_ad" | "product" | "insurance" | "finance"; target_audience: "user" | "all" | "clinic"; is_featured: boolean; description?: string | undefined; }, any, { ...; }>'.
  The types of '_options.resolver' are incompatible between these types.
    Type 'Resolver<{ title: string; image_url: string; type: "course" | "clinic_ad" | "product" | "insurance" | "finance"; target_audience: "user" | "all" | "clinic"; is_featured: boolean; description?: string | undefined; }, any, TFieldValues> | undefined' is not assignable to type 'Resolver<{ title: string; image_url: string; type: "course" | "clinic_ad" | "product" | "insurance" | "finance"; target_audience: "user" | "all" | "clinic"; is_featured: boolean; description?: string | undefined; }, any, { ...; }> | undefined'.
      Type 'Resolver<{ title: string; image_url: string; type: "course" | "clinic_ad" | "product" | "insurance" | "finance"; target_audience: "user" | "all" | "clinic"; is_featured: boolean; description?: string | undefined; }, any, TFieldValues>' is not assignable to type 'Resolver<{ title: string; image_url: string; type: "course" | "clinic_ad" | "product" | "insurance" | "finance"; target_audience: "user" | "all" | "clinic"; is_featured: boolean; description?: string | undefined; }, any, { ...; }>'.
        Type 'ResolverResult<{ title: string; image_url: string; type: "course" | "clinic_ad" | "product" | "insurance" | "finance"; target_audience: "user" | "all" | "clinic"; is_featured: boolean; description?: string | undefined; }, TFieldValues> | Promise<...>' is not assignable to type 'ResolverResult<{ title: string; image_url: string; type: "course" | "clinic_ad" | "product" | "insurance" | "finance"; target_audience: "user" | "all" | "clinic"; is_featured: boolean; description?: string | undefined; }, { ...; }> | Promise<...>'.
          Type 'ResolverSuccess<TFieldValues>' is not assignable to type 'ResolverResult<{ title: string; image_url: string; type: "course" | "clinic_ad" | "product" | "insurance" | "finance"; target_audience: "user" | "all" | "clinic"; is_featured: boolean; description?: string | undefined; }, { ...; }> | Promise<...>'.
            Type 'ResolverSuccess<TFieldValues>' is not assignable to type 'ResolverSuccess<{ title: string; image_url: string; type: "course" | "clinic_ad" | "product" | "insurance" | "finance"; target_audience: "user" | "all" | "clinic"; is_featured: boolean; description?: string | undefined; }>'.
              Type 'TFieldValues' is not assignable to type '{ title: string; image_url: string; type: "course" | "clinic_ad" | "product" | "insurance" | "finance"; target_audience: "user" | "all" | "clinic"; is_featured: boolean; description?: string | undefined; }'.
                Type 'FieldValues' is missing the following properties from type '{ title: string; image_url: string; type: "course" | "clinic_ad" | "product" | "insurance" | "finance"; target_audience: "user" | "all" | "clinic"; is_featured: boolean; description?: string | undefined; }': title, image_url, type, target_audience, is_featured
components/admin/marketing-dialog.tsx(145,33): error TS2322: Type 'Control<{ title: string; image_url: string; type: "course" | "clinic_ad" | "product" | "insurance" | "finance"; target_audience: "user" | "all" | "clinic"; is_featured: boolean; description?: string | undefined; }, any, TFieldValues>' is not assignable to type 'Control<{ title: string; image_url: string; type: "course" | "clinic_ad" | "product" | "insurance" | "finance"; target_audience: "user" | "all" | "clinic"; is_featured: boolean; description?: string | undefined; }, any, { ...; }>'.
  The types of '_options.resolver' are incompatible between these types.
    Type 'Resolver<{ title: string; image_url: string; type: "course" | "clinic_ad" | "product" | "insurance" | "finance"; target_audience: "user" | "all" | "clinic"; is_featured: boolean; description?: string | undefined; }, any, TFieldValues> | undefined' is not assignable to type 'Resolver<{ title: string; image_url: string; type: "course" | "clinic_ad" | "product" | "insurance" | "finance"; target_audience: "user" | "all" | "clinic"; is_featured: boolean; description?: string | undefined; }, any, { ...; }> | undefined'.
      Type 'Resolver<{ title: string; image_url: string; type: "course" | "clinic_ad" | "product" | "insurance" | "finance"; target_audience: "user" | "all" | "clinic"; is_featured: boolean; description?: string | undefined; }, any, TFieldValues>' is not assignable to type 'Resolver<{ title: string; image_url: string; type: "course" | "clinic_ad" | "product" | "insurance" | "finance"; target_audience: "user" | "all" | "clinic"; is_featured: boolean; description?: string | undefined; }, any, { ...; }>'.
        Type 'ResolverResult<{ title: string; image_url: string; type: "course" | "clinic_ad" | "product" | "insurance" | "finance"; target_audience: "user" | "all" | "clinic"; is_featured: boolean; description?: string | undefined; }, TFieldValues> | Promise<...>' is not assignable to type 'ResolverResult<{ title: string; image_url: string; type: "course" | "clinic_ad" | "product" | "insurance" | "finance"; target_audience: "user" | "all" | "clinic"; is_featured: boolean; description?: string | undefined; }, { ...; }> | Promise<...>'.
          Type 'ResolverSuccess<TFieldValues>' is not assignable to type 'ResolverResult<{ title: string; image_url: string; type: "course" | "clinic_ad" | "product" | "insurance" | "finance"; target_audience: "user" | "all" | "clinic"; is_featured: boolean; description?: string | undefined; }, { ...; }> | Promise<...>'.
            Type 'ResolverSuccess<TFieldValues>' is not assignable to type 'ResolverSuccess<{ title: string; image_url: string; type: "course" | "clinic_ad" | "product" | "insurance" | "finance"; target_audience: "user" | "all" | "clinic"; is_featured: boolean; description?: string | undefined; }>'.
              Type 'TFieldValues' is not assignable to type '{ title: string; image_url: string; type: "course" | "clinic_ad" | "product" | "insurance" | "finance"; target_audience: "user" | "all" | "clinic"; is_featured: boolean; description?: string | undefined; }'.
                Type 'FieldValues' is missing the following properties from type '{ title: string; image_url: string; type: "course" | "clinic_ad" | "product" | "insurance" | "finance"; target_audience: "user" | "all" | "clinic"; is_featured: boolean; description?: string | undefined; }': title, image_url, type, target_audience, is_featured
components/admin/marketing-dialog.tsx(169,33): error TS2322: Type 'Control<{ title: string; image_url: string; type: "course" | "clinic_ad" | "product" | "insurance" | "finance"; target_audience: "user" | "all" | "clinic"; is_featured: boolean; description?: string | undefined; }, any, TFieldValues>' is not assignable to type 'Control<{ title: string; image_url: string; type: "course" | "clinic_ad" | "product" | "insurance" | "finance"; target_audience: "user" | "all" | "clinic"; is_featured: boolean; description?: string | undefined; }, any, { ...; }>'.
  The types of '_options.resolver' are incompatible between these types.
    Type 'Resolver<{ title: string; image_url: string; type: "course" | "clinic_ad" | "product" | "insurance" | "finance"; target_audience: "user" | "all" | "clinic"; is_featured: boolean; description?: string | undefined; }, any, TFieldValues> | undefined' is not assignable to type 'Resolver<{ title: string; image_url: string; type: "course" | "clinic_ad" | "product" | "insurance" | "finance"; target_audience: "user" | "all" | "clinic"; is_featured: boolean; description?: string | undefined; }, any, { ...; }> | undefined'.
      Type 'Resolver<{ title: string; image_url: string; type: "course" | "clinic_ad" | "product" | "insurance" | "finance"; target_audience: "user" | "all" | "clinic"; is_featured: boolean; description?: string | undefined; }, any, TFieldValues>' is not assignable to type 'Resolver<{ title: string; image_url: string; type: "course" | "clinic_ad" | "product" | "insurance" | "finance"; target_audience: "user" | "all" | "clinic"; is_featured: boolean; description?: string | undefined; }, any, { ...; }>'.
        Type 'ResolverResult<{ title: string; image_url: string; type: "course" | "clinic_ad" | "product" | "insurance" | "finance"; target_audience: "user" | "all" | "clinic"; is_featured: boolean; description?: string | undefined; }, TFieldValues> | Promise<...>' is not assignable to type 'ResolverResult<{ title: string; image_url: string; type: "course" | "clinic_ad" | "product" | "insurance" | "finance"; target_audience: "user" | "all" | "clinic"; is_featured: boolean; description?: string | undefined; }, { ...; }> | Promise<...>'.
          Type 'ResolverSuccess<TFieldValues>' is not assignable to type 'ResolverResult<{ title: string; image_url: string; type: "course" | "clinic_ad" | "product" | "insurance" | "finance"; target_audience: "user" | "all" | "clinic"; is_featured: boolean; description?: string | undefined; }, { ...; }> | Promise<...>'.
            Type 'ResolverSuccess<TFieldValues>' is not assignable to type 'ResolverSuccess<{ title: string; image_url: string; type: "course" | "clinic_ad" | "product" | "insurance" | "finance"; target_audience: "user" | "all" | "clinic"; is_featured: boolean; description?: string | undefined; }>'.
              Type 'TFieldValues' is not assignable to type '{ title: string; image_url: string; type: "course" | "clinic_ad" | "product" | "insurance" | "finance"; target_audience: "user" | "all" | "clinic"; is_featured: boolean; description?: string | undefined; }'.
                Type 'FieldValues' is missing the following properties from type '{ title: string; image_url: string; type: "course" | "clinic_ad" | "product" | "insurance" | "finance"; target_audience: "user" | "all" | "clinic"; is_featured: boolean; description?: string | undefined; }': title, image_url, type, target_audience, is_featured
components/admin/marketing-dialog.tsx(192,29): error TS2322: Type 'Control<{ title: string; image_url: string; type: "course" | "clinic_ad" | "product" | "insurance" | "finance"; target_audience: "user" | "all" | "clinic"; is_featured: boolean; description?: string | undefined; }, any, TFieldValues>' is not assignable to type 'Control<{ title: string; image_url: string; type: "course" | "clinic_ad" | "product" | "insurance" | "finance"; target_audience: "user" | "all" | "clinic"; is_featured: boolean; description?: string | undefined; }, any, { ...; }>'.
  The types of '_options.resolver' are incompatible between these types.
    Type 'Resolver<{ title: string; image_url: string; type: "course" | "clinic_ad" | "product" | "insurance" | "finance"; target_audience: "user" | "all" | "clinic"; is_featured: boolean; description?: string | undefined; }, any, TFieldValues> | undefined' is not assignable to type 'Resolver<{ title: string; image_url: string; type: "course" | "clinic_ad" | "product" | "insurance" | "finance"; target_audience: "user" | "all" | "clinic"; is_featured: boolean; description?: string | undefined; }, any, { ...; }> | undefined'.
      Type 'Resolver<{ title: string; image_url: string; type: "course" | "clinic_ad" | "product" | "insurance" | "finance"; target_audience: "user" | "all" | "clinic"; is_featured: boolean; description?: string | undefined; }, any, TFieldValues>' is not assignable to type 'Resolver<{ title: string; image_url: string; type: "course" | "clinic_ad" | "product" | "insurance" | "finance"; target_audience: "user" | "all" | "clinic"; is_featured: boolean; description?: string | undefined; }, any, { ...; }>'.
        Type 'ResolverResult<{ title: string; image_url: string; type: "course" | "clinic_ad" | "product" | "insurance" | "finance"; target_audience: "user" | "all" | "clinic"; is_featured: boolean; description?: string | undefined; }, TFieldValues> | Promise<...>' is not assignable to type 'ResolverResult<{ title: string; image_url: string; type: "course" | "clinic_ad" | "product" | "insurance" | "finance"; target_audience: "user" | "all" | "clinic"; is_featured: boolean; description?: string | undefined; }, { ...; }> | Promise<...>'.
          Type 'ResolverSuccess<TFieldValues>' is not assignable to type 'ResolverResult<{ title: string; image_url: string; type: "course" | "clinic_ad" | "product" | "insurance" | "finance"; target_audience: "user" | "all" | "clinic"; is_featured: boolean; description?: string | undefined; }, { ...; }> | Promise<...>'.
            Type 'ResolverSuccess<TFieldValues>' is not assignable to type 'ResolverSuccess<{ title: string; image_url: string; type: "course" | "clinic_ad" | "product" | "insurance" | "finance"; target_audience: "user" | "all" | "clinic"; is_featured: boolean; description?: string | undefined; }>'.
              Type 'TFieldValues' is not assignable to type '{ title: string; image_url: string; type: "course" | "clinic_ad" | "product" | "insurance" | "finance"; target_audience: "user" | "all" | "clinic"; is_featured: boolean; description?: string | undefined; }'.
                Type 'FieldValues' is missing the following properties from type '{ title: string; image_url: string; type: "course" | "clinic_ad" | "product" | "insurance" | "finance"; target_audience: "user" | "all" | "clinic"; is_featured: boolean; description?: string | undefined; }': title, image_url, type, target_audience, is_featured
components/admin/user-dialog.tsx(26,104): error TS2503: Cannot find namespace 'JSX'.
components/admin/video-dialog.tsx(49,9): error TS2322: Type 'Resolver<{ video_url: string; title?: string | undefined; thumbnail_url?: string | undefined; is_active?: boolean | undefined; }, any, { video_url: string; is_active: boolean; title?: string | undefined; thumbnail_url?: string | undefined; }>' is not assignable to type 'Resolver<{ video_url: string; is_active: boolean; title?: string | undefined; thumbnail_url?: string | undefined; }, any, { video_url: string; is_active: boolean; title?: string | undefined; thumbnail_url?: string | undefined; }>'.
  Types of parameters 'options' and 'options' are incompatible.
    Type 'ResolverOptions<{ video_url: string; is_active: boolean; title?: string | undefined; thumbnail_url?: string | undefined; }>' is not assignable to type 'ResolverOptions<{ video_url: string; title?: string | undefined; thumbnail_url?: string | undefined; is_active?: boolean | undefined; }>'.
      Type 'boolean | undefined' is not assignable to type 'boolean'.
        Type 'undefined' is not assignable to type 'boolean'.
components/admin/video-dialog.tsx(96,55): error TS2345: Argument of type '(values: z.infer<typeof videoSchema>) => Promise<void>' is not assignable to parameter of type 'SubmitHandler<TFieldValues>'.
  Types of parameters 'values' and 'data' are incompatible.
    Type 'TFieldValues' is not assignable to type '{ video_url: string; is_active: boolean; title?: string | undefined; thumbnail_url?: string | undefined; }'.
      Type 'FieldValues' is missing the following properties from type '{ video_url: string; is_active: boolean; title?: string | undefined; thumbnail_url?: string | undefined; }': video_url, is_active
components/admin/video-dialog.tsx(98,29): error TS2322: Type 'Control<{ video_url: string; is_active: boolean; title?: string | undefined; thumbnail_url?: string | undefined; }, any, TFieldValues>' is not assignable to type 'Control<{ video_url: string; is_active: boolean; title?: string | undefined; thumbnail_url?: string | undefined; }, any, { video_url: string; is_active: boolean; title?: string | undefined; thumbnail_url?: string | undefined; }>'.
  The types of '_options.resolver' are incompatible between these types.
    Type 'Resolver<{ video_url: string; is_active: boolean; title?: string | undefined; thumbnail_url?: string | undefined; }, any, TFieldValues> | undefined' is not assignable to type 'Resolver<{ video_url: string; is_active: boolean; title?: string | undefined; thumbnail_url?: string | undefined; }, any, { video_url: string; is_active: boolean; title?: string | undefined; thumbnail_url?: string | undefined; }> | undefined'.
      Type 'Resolver<{ video_url: string; is_active: boolean; title?: string | undefined; thumbnail_url?: string | undefined; }, any, TFieldValues>' is not assignable to type 'Resolver<{ video_url: string; is_active: boolean; title?: string | undefined; thumbnail_url?: string | undefined; }, any, { video_url: string; is_active: boolean; title?: string | undefined; thumbnail_url?: string | undefined; }>'.
        Type 'ResolverResult<{ video_url: string; is_active: boolean; title?: string | undefined; thumbnail_url?: string | undefined; }, TFieldValues> | Promise<ResolverResult<{ ...; }, TFieldValues>>' is not assignable to type 'ResolverResult<{ video_url: string; is_active: boolean; title?: string | undefined; thumbnail_url?: string | undefined; }, { video_url: string; is_active: boolean; title?: string | undefined; thumbnail_url?: string | undefined; }> | Promise<...>'.
          Type 'ResolverSuccess<TFieldValues>' is not assignable to type 'ResolverResult<{ video_url: string; is_active: boolean; title?: string | undefined; thumbnail_url?: string | undefined; }, { video_url: string; is_active: boolean; title?: string | undefined; thumbnail_url?: string | undefined; }> | Promise<...>'.
            Type 'ResolverSuccess<TFieldValues>' is not assignable to type 'ResolverSuccess<{ video_url: string; is_active: boolean; title?: string | undefined; thumbnail_url?: string | undefined; }>'.
              Type 'TFieldValues' is not assignable to type '{ video_url: string; is_active: boolean; title?: string | undefined; thumbnail_url?: string | undefined; }'.
                Type 'FieldValues' is missing the following properties from type '{ video_url: string; is_active: boolean; title?: string | undefined; thumbnail_url?: string | undefined; }': video_url, is_active
components/admin/video-dialog.tsx(111,29): error TS2322: Type 'Control<{ video_url: string; is_active: boolean; title?: string | undefined; thumbnail_url?: string | undefined; }, any, TFieldValues>' is not assignable to type 'Control<{ video_url: string; is_active: boolean; title?: string | undefined; thumbnail_url?: string | undefined; }, any, { video_url: string; is_active: boolean; title?: string | undefined; thumbnail_url?: string | undefined; }>'.
  The types of '_options.resolver' are incompatible between these types.
    Type 'Resolver<{ video_url: string; is_active: boolean; title?: string | undefined; thumbnail_url?: string | undefined; }, any, TFieldValues> | undefined' is not assignable to type 'Resolver<{ video_url: string; is_active: boolean; title?: string | undefined; thumbnail_url?: string | undefined; }, any, { video_url: string; is_active: boolean; title?: string | undefined; thumbnail_url?: string | undefined; }> | undefined'.
      Type 'Resolver<{ video_url: string; is_active: boolean; title?: string | undefined; thumbnail_url?: string | undefined; }, any, TFieldValues>' is not assignable to type 'Resolver<{ video_url: string; is_active: boolean; title?: string | undefined; thumbnail_url?: string | undefined; }, any, { video_url: string; is_active: boolean; title?: string | undefined; thumbnail_url?: string | undefined; }>'.
        Type 'ResolverResult<{ video_url: string; is_active: boolean; title?: string | undefined; thumbnail_url?: string | undefined; }, TFieldValues> | Promise<ResolverResult<{ ...; }, TFieldValues>>' is not assignable to type 'ResolverResult<{ video_url: string; is_active: boolean; title?: string | undefined; thumbnail_url?: string | undefined; }, { video_url: string; is_active: boolean; title?: string | undefined; thumbnail_url?: string | undefined; }> | Promise<...>'.
          Type 'ResolverSuccess<TFieldValues>' is not assignable to type 'ResolverResult<{ video_url: string; is_active: boolean; title?: string | undefined; thumbnail_url?: string | undefined; }, { video_url: string; is_active: boolean; title?: string | undefined; thumbnail_url?: string | undefined; }> | Promise<...>'.
            Type 'ResolverSuccess<TFieldValues>' is not assignable to type 'ResolverSuccess<{ video_url: string; is_active: boolean; title?: string | undefined; thumbnail_url?: string | undefined; }>'.
              Type 'TFieldValues' is not assignable to type '{ video_url: string; is_active: boolean; title?: string | undefined; thumbnail_url?: string | undefined; }'.
                Type 'FieldValues' is missing the following properties from type '{ video_url: string; is_active: boolean; title?: string | undefined; thumbnail_url?: string | undefined; }': video_url, is_active
components/admin/video-dialog.tsx(123,33): error TS2322: Type '({ value, onChange, onRemove, disabled, maxFiles }: ImageUploadProps) => Element' is not assignable to type 'ReactNode'.
components/admin/video-dialog.tsx(128,29): error TS2322: Type 'Control<{ video_url: string; is_active: boolean; title?: string | undefined; thumbnail_url?: string | undefined; }, any, TFieldValues>' is not assignable to type 'Control<{ video_url: string; is_active: boolean; title?: string | undefined; thumbnail_url?: string | undefined; }, any, { video_url: string; is_active: boolean; title?: string | undefined; thumbnail_url?: string | undefined; }>'.
  The types of '_options.resolver' are incompatible between these types.
    Type 'Resolver<{ video_url: string; is_active: boolean; title?: string | undefined; thumbnail_url?: string | undefined; }, any, TFieldValues> | undefined' is not assignable to type 'Resolver<{ video_url: string; is_active: boolean; title?: string | undefined; thumbnail_url?: string | undefined; }, any, { video_url: string; is_active: boolean; title?: string | undefined; thumbnail_url?: string | undefined; }> | undefined'.
      Type 'Resolver<{ video_url: string; is_active: boolean; title?: string | undefined; thumbnail_url?: string | undefined; }, any, TFieldValues>' is not assignable to type 'Resolver<{ video_url: string; is_active: boolean; title?: string | undefined; thumbnail_url?: string | undefined; }, any, { video_url: string; is_active: boolean; title?: string | undefined; thumbnail_url?: string | undefined; }>'.
        Type 'ResolverResult<{ video_url: string; is_active: boolean; title?: string | undefined; thumbnail_url?: string | undefined; }, TFieldValues> | Promise<ResolverResult<{ ...; }, TFieldValues>>' is not assignable to type 'ResolverResult<{ video_url: string; is_active: boolean; title?: string | undefined; thumbnail_url?: string | undefined; }, { video_url: string; is_active: boolean; title?: string | undefined; thumbnail_url?: string | undefined; }> | Promise<...>'.
          Type 'ResolverSuccess<TFieldValues>' is not assignable to type 'ResolverResult<{ video_url: string; is_active: boolean; title?: string | undefined; thumbnail_url?: string | undefined; }, { video_url: string; is_active: boolean; title?: string | undefined; thumbnail_url?: string | undefined; }> | Promise<...>'.
            Type 'ResolverSuccess<TFieldValues>' is not assignable to type 'ResolverSuccess<{ video_url: string; is_active: boolean; title?: string | undefined; thumbnail_url?: string | undefined; }>'.
              Type 'TFieldValues' is not assignable to type '{ video_url: string; is_active: boolean; title?: string | undefined; thumbnail_url?: string | undefined; }'.
                Type 'FieldValues' is missing the following properties from type '{ video_url: string; is_active: boolean; title?: string | undefined; thumbnail_url?: string | undefined; }': video_url, is_active
components/admin/video-dialog.tsx(146,29): error TS2322: Type 'Control<{ video_url: string; is_active: boolean; title?: string | undefined; thumbnail_url?: string | undefined; }, any, TFieldValues>' is not assignable to type 'Control<{ video_url: string; is_active: boolean; title?: string | undefined; thumbnail_url?: string | undefined; }, any, { video_url: string; is_active: boolean; title?: string | undefined; thumbnail_url?: string | undefined; }>'.
  The types of '_options.resolver' are incompatible between these types.
    Type 'Resolver<{ video_url: string; is_active: boolean; title?: string | undefined; thumbnail_url?: string | undefined; }, any, TFieldValues> | undefined' is not assignable to type 'Resolver<{ video_url: string; is_active: boolean; title?: string | undefined; thumbnail_url?: string | undefined; }, any, { video_url: string; is_active: boolean; title?: string | undefined; thumbnail_url?: string | undefined; }> | undefined'.
      Type 'Resolver<{ video_url: string; is_active: boolean; title?: string | undefined; thumbnail_url?: string | undefined; }, any, TFieldValues>' is not assignable to type 'Resolver<{ video_url: string; is_active: boolean; title?: string | undefined; thumbnail_url?: string | undefined; }, any, { video_url: string; is_active: boolean; title?: string | undefined; thumbnail_url?: string | undefined; }>'.
        Type 'ResolverResult<{ video_url: string; is_active: boolean; title?: string | undefined; thumbnail_url?: string | undefined; }, TFieldValues> | Promise<ResolverResult<{ ...; }, TFieldValues>>' is not assignable to type 'ResolverResult<{ video_url: string; is_active: boolean; title?: string | undefined; thumbnail_url?: string | undefined; }, { video_url: string; is_active: boolean; title?: string | undefined; thumbnail_url?: string | undefined; }> | Promise<...>'.
          Type 'ResolverSuccess<TFieldValues>' is not assignable to type 'ResolverResult<{ video_url: string; is_active: boolean; title?: string | undefined; thumbnail_url?: string | undefined; }, { video_url: string; is_active: boolean; title?: string | undefined; thumbnail_url?: string | undefined; }> | Promise<...>'.
            Type 'ResolverSuccess<TFieldValues>' is not assignable to type 'ResolverSuccess<{ video_url: string; is_active: boolean; title?: string | undefined; thumbnail_url?: string | undefined; }>'.
              Type 'TFieldValues' is not assignable to type '{ video_url: string; is_active: boolean; title?: string | undefined; thumbnail_url?: string | undefined; }'.
                Type 'FieldValues' is missing the following properties from type '{ video_url: string; is_active: boolean; title?: string | undefined; thumbnail_url?: string | undefined; }': video_url, is_active
components/ui/chart.tsx(109,3): error TS2339: Property 'payload' does not exist on type 'Omit<Props<ValueType, NameType>, PropertiesReadFromContext> & { active?: boolean | undefined; allowEscapeViewBox?: AllowInDimension | undefined; ... 17 more ...; wrapperStyle?: CSSProperties | undefined; } & ClassAttributes<...> & HTMLAttributes<...> & { ...; }'.
components/ui/chart.tsx(114,3): error TS2339: Property 'label' does not exist on type 'Omit<Props<ValueType, NameType>, PropertiesReadFromContext> & { active?: boolean | undefined; allowEscapeViewBox?: AllowInDimension | undefined; ... 17 more ...; wrapperStyle?: CSSProperties | undefined; } & ClassAttributes<...> & HTMLAttributes<...> & { ...; }'.
components/ui/chart.tsx(182,23): error TS7006: Parameter 'item' implicitly has an 'any' type.
components/ui/chart.tsx(182,29): error TS7006: Parameter 'index' implicitly has an 'any' type.
components/ui/chart.tsx(260,39): error TS2344: Type '"verticalAlign" | "payload"' does not satisfy the constraint '"string" | "path" | "name" | "id" | "filter" | "fill" | "values" | "type" | "role" | "d" | "k" | "r" | "x" | "y" | "z" | "order" | "children" | "min" | "max" | "style" | "clipPath" | ... 425 more ... | "onBBoxUpdate"'.
  Type '"payload"' is not assignable to type '"string" | "path" | "name" | "id" | "filter" | "fill" | "values" | "type" | "role" | "d" | "k" | "r" | "x" | "y" | "z" | "order" | "children" | "min" | "max" | "style" | "clipPath" | ... 425 more ... | "onBBoxUpdate"'.
components/ui/chart.tsx(266,17): error TS2339: Property 'length' does not exist on type '{}'.
components/ui/chart.tsx(278,16): error TS2339: Property 'map' does not exist on type '{}'.
components/ui/chart.tsx(278,21): error TS7006: Parameter 'item' implicitly has an 'any' type.
components/ui/resizable.tsx(12,51): error TS2339: Property 'PanelGroup' does not exist on type 'typeof import("L:/android/test/backend-next/faces-consent-app-next/node_modules/.pnpm/react-resizable-panels@4.0._1701e5fd82256dcb75040c93e87e0ce1/node_modules/react-resizable-panels/dist/react-resizable-panels")'.
components/ui/resizable.tsx(14,25): error TS2339: Property 'PanelGroup' does not exist on type 'typeof import("L:/android/test/backend-next/faces-consent-app-next/node_modules/.pnpm/react-resizable-panels@4.0._1701e5fd82256dcb75040c93e87e0ce1/node_modules/react-resizable-panels/dist/react-resizable-panels")'.
components/ui/resizable.tsx(35,51): error TS2339: Property 'PanelResizeHandle' does not exist on type 'typeof import("L:/android/test/backend-next/faces-consent-app-next/node_modules/.pnpm/react-resizable-panels@4.0._1701e5fd82256dcb75040c93e87e0ce1/node_modules/react-resizable-panels/dist/react-resizable-panels")'.
components/ui/resizable.tsx(39,25): error TS2339: Property 'PanelResizeHandle' does not exist on type 'typeof import("L:/android/test/backend-next/faces-consent-app-next/node_modules/.pnpm/react-resizable-panels@4.0._1701e5fd82256dcb75040c93e87e0ce1/node_modules/react-resizable-panels/dist/react-resizable-panels")'.
components/ui/resizable.tsx(52,26): error TS2339: Property 'PanelResizeHandle' does not exist on type 'typeof import("L:/android/test/backend-next/faces-consent-app-next/node_modules/.pnpm/react-resizable-panels@4.0._1701e5fd82256dcb75040c93e87e0ce1/node_modules/react-resizable-panels/dist/react-resizable-panels")'.
components/ui/sidebar.tsx(8,29): error TS2307: Cannot find module '@/hooks/use-mobile' or its corresponding type declarations.
components/ui/toaster.tsx(3,26): error TS2307: Cannot find module '@/hooks/use-toast' or its corresponding type declarations.
components/ui/toaster.tsx(18,31): error TS7031: Binding element 'id' implicitly has an 'any' type.
components/ui/toaster.tsx(18,35): error TS7031: Binding element 'title' implicitly has an 'any' type.
components/ui/toaster.tsx(18,42): error TS7031: Binding element 'description' implicitly has an 'any' type.
components/ui/toaster.tsx(18,55): error TS7031: Binding element 'action' implicitly has an 'any' type.
